-------------------------------------------------
Patch Data: 
  patch ID: foo-12321
  timestamp: '2342342'
  engine: '1.0'
  name: foo
  summary: [en] install if you have lots of foo
  description: [en] fixes Bug #231312
  epoch: 0
  version: 1
  release: 2
  provides: foo-patch-fitzefatze  -
  conflicts: foo-oldpatch EQ 1-1-2
  obsoletes: 
  freshen: 
  requires: foo LE 2-3-4
foo-devel LE 3-4-5
blah-234 EQ 4-5-6
  category: security
  reboot needed: 1
  affects package manager: 1
  update script: 
#!/bin/bash
rpm -Uhv * > /dev/null

  
  atoms:
Atom data
  atom type: script
Script Data: 
  name: foo-patch-script-1
  epoch: 0
  version: 1
  release: 2
  provides: 
  conflicts: 
  obsoletes: 
  freshen: 
  requires: foo LE 2-3-4
foo-devel LE 3-4-5
  do script: #!/bin/bash
  undo script: #!/bin/unbash

Atom data
  atom type: message
Message Data: 
  name: foo-patch-message-1
  type: OK
  epoch: 0
  version: 1
  release: 2
  provides: 
  conflicts: 
  obsoletes: 
  freshen: 
  requires: foo LE 2-3-4
foo-devel LE 3-4-5
  text: Just note that the very critical package foo will be installed just now

Atom data
  atom type: package
Package Data: 
  name: 'foo'
  type: 'rpm'
   arch: 'noarch'
   ver: '3'
  checksumType: 'sha'
  checksumPkgid: 'YES'
  checksum: '8121d38334a682f5bf2c8320388395ba7e4b276d'
  summary: 'A packetfilter wrapper compatible with ipfwadm, ipchains, iptables'
  description: 'This package consists of a simple firewall wrapper script
    providing a packet filter mini-language to state your
    filtering needs independent of the used firewall type.
    It's just like a service start/stop script and started
    during the normal System V boot sequence.

    See the README for details.'
  packager: ''
  url: ''
  timeFile: '1011218465'
  timeBuild: '1011218465'
  sizePackage: '7333'
  sizeInstalled: '16835'
  sizeArchive: '17904'
  location: 'packetfilter-0.9.1-3.noarch.rpm'
  license: '(c) 2002, Michael Radziej, under Gnu LPL'
  vendor: ''
  group: 'unsorted'
  buildhost: 'martin.suse.de'
  sourcerpm: 'packetfilter-0.9.1-3.src.rpm'
  headerStart: '168'
  headerEnd: '2268'
  provides:
packetfilter EQ 0-0.9.1-3
  conflicts:

  obsoletes:

  requires:
/bin/bash  -
/bin/sh  - (pre=1)
  files:
/etc/packetfilter/def
/etc/init.d/packetfilter
/usr/sbin/rcpacketfilter
/etc/packetfilter/ppp0
/etc/packetfilter: dir
  authors: 
  keywords: 
  media: 
  dirsizes: 

  freshen: 

  install-only: '0'
  files:
/etc/packetfilter/def
/etc/init.d/packetfilter
/usr/sbin/rcpacketfilter
/etc/packetfilter/ppp0
/etc/packetfilter: dir
  Changelog:

  Plain RPM:
    arch: noarch
    filename: foo.rpm
    download size: 56678
    MD5: 234233
    build time: 23443
  Patch RPM:
    arch: noarch
    filename: foo.patch.rpm
    download size: 56278
    MD5: 2344533
    build time: 23243
    Base version:
      epoch: 1
      version: 2
      release: 3
      MD5: 
      build time: 
      source info: 

    Base version:
      epoch: 2
      version: 3
      release: 4
      MD5: 
      build time: 
      source info: 
  Delta RPM:
    arch: noarch
    filename: foo-delta-bla.delta.rpm
    download size: 234
    MD5: 1222
    build time: 2232
    Base version:
      epoch: 3
      version: 4
      release: 5
      MD5: 312321
      build time: 3232
      source info: 
Exit Code: 0
