-------------------------------------------------
Other: 
pkgid: 8121d38334a682f5bf2c8320388395ba7e4b276dpackage: packetfilter 0-0.9.1-3
Changelog:

-------------------------------------------------
Other: 
pkgid: 5f5547fe534991d161f5cbd9b823276a86eb55eapackage: packetfilter 0-0.9.1-4
Changelog:

-------------------------------------------------
Other: 
pkgid: f9d63f4369eda675a65522ab6c985a60e73a1cebpackage: bbconf 0-1.2-1
Changelog:

-------------------------------------------------
Other: 
pkgid: eced88b6e724e4a45b82f2723912ef2e29ee134bpackage: PlatinGUI 0-620-0
Changelog:

-------------------------------------------------
Other: 
pkgid: 77b165fcb30789fb8c4c669e21fed3d04938f607package: packetfilter 0-0.9.1-3
Changelog:

-------------------------------------------------
Other: 
pkgid: 548c0cac5b1e89c0200879a9b337e7d5fc183122package: bbconf 0-1.2-1
Changelog:

-------------------------------------------------
Other: 
pkgid: 5d34c98c42302406c5c0a31c163ee6145c014f9dpackage: PlatinGUI 0-620-0
Changelog:

-------------------------------------------------
Other: 
pkgid: dffba597ee9614af9ad1db6a82141d024a94ab6apackage: packetfilter 0-0.9.1-4
Changelog:

Exit Code: 0
