Repomd Data: 
  type: 'other'
  location: 'repodata/other.xml'
  checksumType: 'sha'
  checksum: 'e7ba668ab0d49486f0a3e7a0b168406a88a46ed9'
  timestamp: '1119534896'
  openChecksumType: 'sha'
  openChecksum: '394bb178eb19423f1c9f255acfd50719809cabba'
Repomd Data: 
  type: 'filelists'
  location: 'repodata/filelists.xml'
  checksumType: 'sha'
  checksum: '603594e2dd7d875a876babaf1b39f3aede460ef1'
  timestamp: '1119534896'
  openChecksumType: 'sha'
  openChecksum: '047041a0149308416aa1b62eb5e11a191ca6c2e9'
Repomd Data: 
  type: 'primary'
  location: 'repodata/primary.xml'
  checksumType: 'sha'
  checksum: '20f45621426fcd74364d6fabe6929d1164797801'
  timestamp: '1119534896'
  openChecksumType: 'sha'
  openChecksum: 'e8f9b1f8b3aa049ba3e3e813ee33e37302e9b16a'
Repomd Data: 
  type: 'product'
  location: 'repodata/product.xml'
  checksumType: 'sha'
  checksum: '20f45621426fcd74364d6fabe6929d1164797801'
  timestamp: '1119534896'
  openChecksumType: 'sha'
  openChecksum: 'e8f9b1f8b3aa049ba3e3e813ee33e37302e9b16a'
Repomd Data: 
  type: 'group'
  location: 'repodata/group.xml'
  checksumType: 'sha'
  checksum: '20f45621426fcd74364d6fabe6929d1164797801'
  timestamp: '1119534896'
  openChecksumType: 'sha'
  openChecksum: 'e8f9b1f8b3aa049ba3e3e813ee33e37302e9b16a'
Repomd Data: 
  type: 'patches'
  location: 'repodata/patches.xml'
  checksumType: 'sha'
  checksum: '20f45621426fcd74364d6fabe6929d1164797801'
  timestamp: '1119534896'
  openChecksumType: 'sha'
  openChecksum: 'e8f9b1f8b3aa049ba3e3e813ee33e37302e9b16a'
Exit Code: 0
